[backblue.gif]
[fade.gif]
[index.html]
[pmngr.com/assets/jquery/jquery.min.js]
[pmngr.com/assets/numscroller/numscroller-1.0.js]
[pmngr.com/assets/bootstrap/bootstrap.min842b.js]
[pmngr.com/favicon.ico]
[pmngr.com/favicon-32x32.png]
[pmngr.com/favicon-96x96.png]
[pmngr.com/favicon-16x16.png]
[pmngr.com/assets/images/new_logo.png]
[pmngr.com/assets/images/title_slogan.png]
[pmngr.com/index.html]
[pmngr.com/application/views/default/assets/images/landing_bg.jpg]
[pmngr.com/application/views/default/assets/images/guests_home.jpg]
[pmngr.com/application/views/default/assets/images/guests_home_3.jpg]
[pmngr.com/application/views/default/assets/images/guests_home_5.jpg]
[pmngr.com/application/views/default/assets/css/new_landing842b.css]
[pmngr.com/assets/bootstrap/bootstrap.min842b.css]
[pmngr.com/assets/bootstrap/bootstrap-rtl.min842b.css]
[pmngr.com/assets/font-awesome/fonts/fontawesome-webfont78ce.eot]
[pmngr.com/assets/font-awesome/fonts/fontawesome-webfontd41d.eot]
[pmngr.com/assets/font-awesome/fonts/fontawesome-webfont78ce.woff]
[pmngr.com/assets/font-awesome/fonts/fontawesome-webfont78ce.ttf]
[pmngr.com/assets/font-awesome/css/font-awesome.min842b.css]
[fonts.googleapis.com/earlyaccess/droidarabickufi.css]
[pmngr.com/assets/jquery/jquery.min.js]
[d31qbv1cthcecs.cloudfront.net/atrk.js]
[d5nxst8fruw4z.cloudfront.net/atrkcc67.gif]
[pmngr.com/application/views/default/assets/images/logo-small.png]
[pmngr.com/assets/jquery/ui/jquery-ui-1.10.4.custom.min.js]
[pmngr.com/assets/date-time-picker/timepicker/jquery-ui-timepicker-addon.js]
[pmngr.com/assets/date-time-picker/timepicker/jquery-ui-sliderAccess.js]
[pmngr.com/assets/cute-time/jquery.cuteTime.js]
[pmngr.com/assets/bootstrap/bootstrap.min.js]
[pmngr.com/application/views/default/assets/js/main842b.js]
[pmngr.com/application/views/default/assets/js/wizard842b.js]
[pmngr.com/application/views/default/assets/js/projects842b.js]
[pmngr.com/application/views/default/assets/js/tasks842b.js]
[pmngr.com/assets/form-validator/validator.js]
[pmngr.com/assets/ckeditor/ckeditor842b.js]
[pmngr.com/assets/ckeditor/adapters/jquery842b.js]
[pmngr.com/assets/ckeditor/ck_call_fix842b.js]
[pmngr.com/company/account/register.html]
[pmngr.com/company/account/login.html]
[pmngr.com/general/help/features.html]
[pmngr.com/general/help.html]
[pmngr.com/general/help/page/privacy-policy.html]
[pmngr.com/general/help/page/terms-conditions.html]
[pmngr.com/assets/jquery/ui/jquery.ui.map.full.min.js]
[pmngr.com/assets/images/social/facebook.png]
[pmngr.com/assets/images/social/arabia.png]
[pmngr.com/general/help/contact.html]
[pmngr.com/assets/font-awesome/fonts/fontawesome-webfont78ce.svg]
[pmngr.com/application/index.html]
[www.google.com/recaptcha/api562e.js]
[pmngr.com/assets/jquery/jquery.min.js]
[pmngr.com/assets/jquery/ui/jquery-ui-1.10.4.custom.min.js]
[pmngr.com/assets/date-time-picker/timepicker/jquery-ui-timepicker-addon.css]
[pmngr.com/assets/form-validator/validator842b.css]
[pmngr.com/assets/percent/circle842b.css]
[pmngr.com/company/account/forget_password.html]
[pmngr.com/company/account/activate_account.html]
[pmngr.com/assets/ckeditor/ckeditor842b.js]
[pmngr.com/general/help/faq.html]
[pmngr.com/general/help/support.html]
[pmngr.com/terms-conditions.html]
[pmngr.com/application/views/default/assets/css/main842b.css]
[pmngr.com/assets/animated/animate842b.css]
[pmngr.com/assets/jquery/ui/jquery-ui-1.10.4.custom.min.css]
[pmngr.com/assets/images/social/twitter.png]
[pmngr.com/assets/images/social/google+.png]
[pmngr.com/general/help/faq_cat/1.html]
[pmngr.com/general/help/faq_cat/2.html]
[pmngr.com/general/help/faq_cat/3.html]
[pmngr.com/general/help/faq_cat/4.html]
[pmngr.com/general/help/new_ticket.html]
[pmngr.com/general/help/question/1.html]
[pmngr.com/general/help/question/2.html]
[pmngr.com/general/help/question/3.html]
[pmngr.com/assets/uploads/system/uploads/upload-1417458966.png]
[pmngr.com/assets/uploads/system/uploads/upload-1417459498.png]
[pmngr.com/assets/uploads/system/uploads/upload-1417459644.png]
[pmngr.com/general/help/question/4.html]
[pmngr.com/assets/uploads/system/uploads/upload-1417470663.png]
[pmngr.com/assets/uploads/system/uploads/upload-1417470750.png]
[pmngr.com/assets/uploads/system/uploads/upload-1417470821.png]
[pmngr.com/assets/uploads/system/uploads/upload-1417470870.png]
[pmngr.com/assets/uploads/system/uploads/upload-1417470927.png]
[pmngr.com/assets/uploads/system/uploads/upload-1417470260.png]
[pmngr.com/assets/uploads/system/uploads/upload-1417471046.png]
[pmngr.com/assets/uploads/system/uploads/upload-1417471025.png]
[pmngr.com/general/help/question/5.html]
[pmngr.com/general/help/question/6.html]
[pmngr.com/assets/uploads/system/uploads/upload-1417471512.png]
[pmngr.com/general/help/question/7.html]
[pmngr.com/general/help/question/8.html]
[pmngr.com/assets/uploads/system/uploads/upload-1417471888.png]
[pmngr.com/general/help/question/9.html]
[pmngr.com/assets/uploads/system/uploads/upload-1417562448.png]
[pmngr.com/general/help/question/11.html]
[pmngr.com/assets/uploads/system/uploads/upload-1417617751.png]
[pmngr.com/general/help/question/12.html]
[pmngr.com/assets/uploads/system/uploads/upload-1417623939.png]
[pmngr.com/general/help/question/13.html]
[pmngr.com/assets/uploads/system/uploads/upload-1417629099.png]
[pmngr.com/general/help/question/14.html]
[pmngr.com/general/help/question/10.html]
[pmngr.com/assets/uploads/system/uploads/upload-1417562403.png]
[pmngr.com/assets/uploads/system/uploads/upload-1417471888.png]
[pmngr.com/assets/uploads/system/uploads/upload-1417562429.png]
[pmngr.com/assets/uploads/system/uploads/upload-1417471888.png]
[pmngr.com/assets/uploads/system/uploads/upload-1417561185.png]
[pmngr.com/assets/uploads/system/uploads/upload-1417470821.png]
